C51 COMPILER V9.56.0.0   CONFIG                                                            08/15/2017 23:08:50 PAGE 1   


C51 COMPILER V9.56.0.0, COMPILATION OF MODULE CONFIG
OBJECT MODULE PLACED IN .\Objects\config.obj
COMPILER INVOKED BY: D:\Keil_v5\C51\BIN\C51.EXE config.c OPTIMIZE(8,SPEED) BROWSE DEBUG OBJECTEXTEND PRINT(.\Listings\co
                    -nfig.lst) TABS(2) OBJECT(.\Objects\config.obj)

line level    source

   1          #include "config.h"
   2          
   3          void init_io()
   4          {
   5   1        P0M1 = 0x00;
   6   1        P0M0 = 0x80;
   7   1        
   8   1        P1M1 = 0xFC;
   9   1        P1M0 = 0x00;
  10   1        
  11   1        P3M1 = 0x00;
  12   1        P3M0 = 0x00;
  13   1        
  14   1        P4M1 = 0x10;
  15   1        P4M0 = 0x10;
  16   1      }
  17          
  18          void init_uart_io()
  19          {
  20   1        AUXR1 = 0x40; // 串口1P3.6 p3.7
  21   1        
  22   1        P_SW2 |= 0x02;
  23   1        
  24   1        //串工作方式10位异步收发（8位数据）
  25   1        SCON = 0x50; 
  26   1        
  27   1        S2CON = 0x50; 
  28   1        
  29   1        S3CON = 0x10; 
  30   1        
  31   1        T2L = (65536 - (FOSC/4/BAUD));
  32   1        T2H = (65536 - (FOSC/4/BAUD))>>8;
  33   1        
  34   1        AUXR = 0x14; 
  35   1        AUXR |= 0x01; 
  36   1        
  37   1        ES = 1; 
  38   1        IE2 |= 0x19;
  39   1      }
  40          void init_adc_io()
  41          {
  42   1        P1ASF = 0x3C;
  43   1        PCON2 = 0x20;
  44   1      }
  45          
  46          void init_timer0()
  47          {
  48   1        AUXR &= 0x7F; 
  49   1        TMOD &= 0xFF;
  50   1        TL0 = 0xE0;
  51   1        TH0 = 0xB1;
  52   1        ET0 = 1;
  53   1      }
  54          void start_timer0()
C51 COMPILER V9.56.0.0   CONFIG                                                            08/15/2017 23:08:50 PAGE 2   

  55          {
  56   1        TR0 = 1;
  57   1      }


MODULE INFORMATION:   STATIC OVERLAYABLE
   CODE SIZE        =     77    ----
   CONSTANT SIZE    =   ----    ----
   XDATA SIZE       =   ----    ----
   PDATA SIZE       =   ----    ----
   DATA SIZE        =   ----    ----
   IDATA SIZE       =   ----    ----
   BIT SIZE         =   ----    ----
END OF MODULE INFORMATION.


C51 COMPILATION COMPLETE.  0 WARNING(S),  0 ERROR(S)
