C51 COMPILER V9.56.0.0   DEVICE                                                            10/07/2017 00:02:08 PAGE 1   


C51 COMPILER V9.56.0.0, COMPILATION OF MODULE DEVICE
OBJECT MODULE PLACED IN .\Objects\device.obj
COMPILER INVOKED BY: D:\Keil_v5\C51\BIN\C51.EXE device.c OPTIMIZE(8,SPEED) BROWSE DEBUG OBJECTEXTEND PRINT(.\Listings\de
                    -vice.lst) TABS(2) OBJECT(.\Objects\device.obj)

line level    source

   1          #include "utils.h"
   2          #include "device.h"
   3          #include "Uart.h"
   4          
   5          void change_power_type(unsigned char type)
   6          {
   7   1        if(type == 0)
   8   1        {
   9   2          K4 =1;
  10   2          Delay1000ms();
  11   2          K5 = 1;
  12   2        }
  13   1        else
  14   1        {
  15   2          K5 = 0;
  16   2          Delay1000ms();
  17   2          K4 =0;
  18   2        }
  19   1      }
  20          void change_light_off_on(unsigned char off_on)
  21          {
  22   1        if(off_on == 0)
  23   1        {
  24   2          K3 = 1;
  25   2        }
  26   1        else
  27   1        {
  28   2          K3 = 0;
  29   2        }
  30   1      }
  31          void change_socket_off_on(unsigned char off_on)
  32          {
  33   1        if(off_on == 0)
  34   1        {
  35   2          K2 = 1;
  36   2        }
  37   1        else
  38   1        {
  39   2          K2 = 0;
  40   2        }
  41   1      }
  42          void change_air_fan_off_on(unsigned char off_on)
  43          {
  44   1        if(off_on == 0)
  45   1        {
  46   2          K1 = 1;
  47   2        }
  48   1        else
  49   1        {
  50   2          K1 = 0;
  51   2        }
  52   1      }
  53          
  54          void d_fan_open(unsigned char off_on)
C51 COMPILER V9.56.0.0   DEVICE                                                            10/07/2017 00:02:08 PAGE 2   

  55          {
  56   1        pdata unsigned char dat[5];
  57   1        dat[0] = 0x3C;
  58   1        dat[1] = 0xA0;
  59   1        dat[2] = off_on == 1? 0x01 : 0x02;
  60   1        dat[3] = 0x02;
  61   1        dat[4] = 0x0d;
  62   1        sendStrlen3(dat,5);
  63   1      }
  64          void d_fan_head(unsigned char off_on)
  65          {
  66   1        pdata unsigned char dat[5];
  67   1        dat[0] = 0x3C;
  68   1        dat[1] = 0xA0;
  69   1        dat[2] = off_on == 1? 0x01 : 0x02;
  70   1        dat[3] = off_on == 1? 0x01 : 0x02;
  71   1        dat[4] = 0x0d;
  72   1        sendStrlen3(dat,5);
  73   1      }
  74          
  75          void ir_cmd(unsigned char *olddat)
  76          {
  77   1        pdata unsigned char dat[5];
  78   1        dat[0] = *olddat;
  79   1        dat[1] = *(olddat+1);
  80   1        dat[2] = *(olddat+2);
  81   1        dat[3] = *(olddat+3);
  82   1        dat[4] = 0x0d;
  83   1        sendStrlen3(dat,5);
  84   1      }
  85          
  86          void buzzer_hint()
  87          {
  88   1          buzzer = 1;
  89   1          Delay20ms();
  90   1          buzzer = 0;
  91   1      }
  92          


MODULE INFORMATION:   STATIC OVERLAYABLE
   CODE SIZE        =    199    ----
   CONSTANT SIZE    =   ----    ----
   XDATA SIZE       =   ----    ----
   PDATA SIZE       =   ----      15
   DATA SIZE        =   ----    ----
   IDATA SIZE       =   ----    ----
   BIT SIZE         =   ----    ----
END OF MODULE INFORMATION.


C51 COMPILATION COMPLETE.  0 WARNING(S),  0 ERROR(S)
