C51 COMPILER V9.56.0.0   UART1                                                             10/04/2017 12:50:24 PAGE 1   


C51 COMPILER V9.56.0.0, COMPILATION OF MODULE UART1
OBJECT MODULE PLACED IN .\Objects\Uart1.obj
COMPILER INVOKED BY: D:\Keil_v5\C51\BIN\C51.EXE Uart1.c OPTIMIZE(8,SPEED) BROWSE DEBUG OBJECTEXTEND PRINT(.\Listings\Uar
                    -t1.lst) TABS(2) OBJECT(.\Objects\Uart1.obj)

line level    source

   1          #include "Uart.h"
   2          #include<string.h>
   3          
   4          unsigned char buy1 = 0;
   5          unsigned int rxIndex = 0;
   6          unsigned char idata buff1[wifiBuffSize] ;
   7          
   8          unsigned char isRec1 = 0;
   9          
  10          unsigned char isHand = 0;
  11          
  12          void Uart1() interrupt 4 using 1
  13          {
  14   1        
  15   1        unsigned char rByte;
  16   1        
  17   1        if(RI)
  18   1        {
  19   2          RI = 0;
  20   2          
  21   2          rByte = SBUF;
  22   2          
  23   2          if(rxIndex >= wifiBuffSize)
  24   2          {
  25   3            rxIndex = 0;
  26   3          }
  27   2          if(rByte == 0x3b)
  28   2          {
  29   3            rxIndex = 0;
  30   3            isRec1 = 1;
  31   3          }
  32   2          
  33   2          if(isRec1 && !isHand)
  34   2          {
  35   3            buff1[rxIndex++] = rByte;
  36   3          }
  37   2          
  38   2          
  39   2          if(rByte == 0x0d && isRec1)
  40   2          {
  41   3            isHand = 1;
  42   3            isRec1 = 0;
  43   3            rxIndex = 0;
  44   3          } 
  45   2        }
  46   1        
  47   1        if(TI)
  48   1        {
  49   2          TI = 0;
  50   2          buy1 = 0;
  51   2        }
  52   1      }
  53          
  54          void sendData1(char dat)
C51 COMPILER V9.56.0.0   UART1                                                             10/04/2017 12:50:24 PAGE 2   

  55          {
  56   1          while(buy1);
  57   1        
  58   1          buy1 = 1;
  59   1          SBUF = dat;
  60   1      }
  61          
  62          void sendStr1(char *dat)
  63          {
  64   1        while(*dat != '\0')
  65   1        {
  66   2          sendData1(*dat++);
  67   2        }
  68   1        sendData1(*dat++);
  69   1      }
  70          
  71          void sendStrlen1(char *dat,unsigned int len)
  72          {
  73   1        unsigned int i;
  74   1        for(i=0;i<len;i++)
  75   1        {
  76   2          sendData1(*(dat+i));
  77   2        }
  78   1      }
  79          
  80          
  81          void parserData1()
  82          { 
  83   1        if(isHand)
  84   1        {
  85   2          opt(buff1);
  86   2          memset(buff1,0,sizeof(buff1));
  87   2          isHand = 0;
  88   2        }
  89   1        
  90   1      }
  91          
  92          
  93          
  94          


MODULE INFORMATION:   STATIC OVERLAYABLE
   CODE SIZE        =    243    ----
   CONSTANT SIZE    =   ----    ----
   XDATA SIZE       =   ----    ----
   PDATA SIZE       =   ----    ----
   DATA SIZE        =      5       8
   IDATA SIZE       =     20    ----
   BIT SIZE         =   ----    ----
END OF MODULE INFORMATION.


C51 COMPILATION COMPLETE.  0 WARNING(S),  0 ERROR(S)
